GET / HTTP/1.1
Host: www.mimuw.edu.pl
Connection: close
Cookie: ciasteczko1=hej; ciasteczko2=wszystkim

